Copyright 1986-2020 Xilinx, Inc. All Rights Reserved.
---------------------------------------------------------------------------------------------
| Tool Version : Vivado v.2020.2 (win64) Build 3064766 Wed Nov 18 09:12:45 MST 2020
| Date         : Wed May 17 17:14:38 2023
| Host         : LAPTOP-DJJCMLUK running 64-bit major release  (build 9200)
| Command      : report_control_sets -verbose -file design_1_wrapper_control_sets_placed.rpt
| Design       : design_1_wrapper
| Device       : xc7a35ti
---------------------------------------------------------------------------------------------

Control Set Information

Table of Contents
-----------------
1. Summary
2. Histogram
3. Flip-Flop Distribution
4. Detailed Control Set Information

1. Summary
----------

+----------------------------------------------------------+-------+
|                          Status                          | Count |
+----------------------------------------------------------+-------+
| Total control sets                                       |     9 |
|    Minimum number of control sets                        |     9 |
|    Addition due to synthesis replication                 |     0 |
|    Addition due to physical synthesis replication        |     0 |
| Unused register locations in slices containing registers |    23 |
+----------------------------------------------------------+-------+
* Control sets can be merged at opt_design using control_set_merge or merge_equivalent_drivers
** Run report_qor_suggestions for automated merging and remapping suggestions


2. Histogram
------------

+--------------------+-------+
|       Fanout       | Count |
+--------------------+-------+
| Total control sets |     9 |
| >= 0 to < 4        |     0 |
| >= 4 to < 6        |     2 |
| >= 6 to < 8        |     2 |
| >= 8 to < 10       |     0 |
| >= 10 to < 12      |     0 |
| >= 12 to < 14      |     0 |
| >= 14 to < 16      |     0 |
| >= 16              |     5 |
+--------------------+-------+
* Control sets can be remapped at either synth_design or opt_design


3. Flip-Flop Distribution
-------------------------

+--------------+-----------------------+------------------------+-----------------+--------------+
| Clock Enable | Synchronous Set/Reset | Asynchronous Set/Reset | Total Registers | Total Slices |
+--------------+-----------------------+------------------------+-----------------+--------------+
| No           | No                    | No                     |              49 |           15 |
| No           | No                    | Yes                    |               0 |            0 |
| No           | Yes                   | No                     |             100 |           28 |
| Yes          | No                    | No                     |               0 |            0 |
| Yes          | No                    | Yes                    |               0 |            0 |
| Yes          | Yes                   | No                     |              44 |           13 |
+--------------+-----------------------+------------------------+-----------------+--------------+


4. Detailed Control Set Information
-----------------------------------

+-------------------------------------+-----------------------------------------------+------------------------------------------------------+------------------+----------------+--------------+
|             Clock Signal            |                 Enable Signal                 |                   Set/Reset Signal                   | Slice Load Count | Bel Load Count | Bels / Slice |
+-------------------------------------+-----------------------------------------------+------------------------------------------------------+------------------+----------------+--------------+
|  design_1_i/clk_wiz_0/inst/clk_out1 |                                               | design_1_i/proc_sys_reset_2/U0/EXT_LPF/lpf_int       |                1 |              4 |         4.00 |
|  rmii_rx_clk_IBUF_BUFG              |                                               | design_1_i/proc_sys_reset_1/U0/EXT_LPF/lpf_int       |                2 |              4 |         2.00 |
|  design_1_i/clk_wiz_0/inst/clk_out1 | design_1_i/proc_sys_reset_2/U0/SEQ/seq_cnt_en | design_1_i/proc_sys_reset_2/U0/SEQ/SEQ_COUNTER/clear |                1 |              6 |         6.00 |
|  rmii_rx_clk_IBUF_BUFG              | design_1_i/proc_sys_reset_1/U0/SEQ/seq_cnt_en | design_1_i/proc_sys_reset_1/U0/SEQ/SEQ_COUNTER/clear |                1 |              6 |         6.00 |
|  design_1_i/clk_wiz_0/inst/clk_out1 |                                               |                                                      |                7 |             25 |         3.57 |
|  rmii_rx_clk_IBUF_BUFG              |                                               |                                                      |               10 |             26 |         2.60 |
|  design_1_i/clk_wiz_0/inst/clk_out1 | design_1_i/wrapper_0/inst/fifo/sys_byte_vld   | design_1_i/wrapper_0/inst/fifo/fifo_module/SS[0]     |               11 |             32 |         2.91 |
|  design_1_i/clk_wiz_0/inst/clk_out1 |                                               | design_1_i/wrapper_0/inst/fifo/rd_ptr_calc/SR[0]     |               12 |             44 |         3.67 |
|  rmii_rx_clk_IBUF_BUFG              |                                               | design_1_i/wrapper_0/inst/fifo/wr_ptr_calc/SR[0]     |               13 |             48 |         3.69 |
+-------------------------------------+-----------------------------------------------+------------------------------------------------------+------------------+----------------+--------------+


